
  .   ____          _            __ _ _
 /\\ / ___'_ __ _ _(_)_ __  __ _ \ \ \ \
( ( )\___ | '_ | '_| | '_ \/ _` | \ \ \ \
 \\/  ___)| |_)| | | | | || (_| |  ) ) ) )
  '  |____| .__|_| |_|_| |_\__, | / / / /
 =========|_|==============|___/=/_/_/_/

 :: Spring Boot ::                (v4.0.3)

2026-04-10T21:22:37.526+07:00  INFO 6004 --- [ProjWEB] [           main] c.jewellery.ProjWEB.ProjWebApplication   : Starting ProjWebApplication v0.0.1-SNAPSHOT using Java 17.0.12 with PID 6004 (D:\ProjectLTWeb\target\ProjWEB-0.0.1-SNAPSHOT.jar started by USPro in D:\ProjectLTWeb)
2026-04-10T21:22:37.538+07:00  INFO 6004 --- [ProjWEB] [           main] c.jewellery.ProjWEB.ProjWebApplication   : The following 1 profile is active: "dev"
2026-04-10T21:22:38.917+07:00  INFO 6004 --- [ProjWEB] [           main] .s.d.r.c.RepositoryConfigurationDelegate : Bootstrapping Spring Data JPA repositories in DEFAULT mode.
2026-04-10T21:22:39.065+07:00  INFO 6004 --- [ProjWEB] [           main] .s.d.r.c.RepositoryConfigurationDelegate : Finished Spring Data repository scanning in 107 ms. Found 10 JPA repository interfaces.
2026-04-10T21:22:40.343+07:00  INFO 6004 --- [ProjWEB] [           main] o.s.boot.tomcat.TomcatWebServer          : Tomcat initialized with port 8081 (http)
2026-04-10T21:22:40.373+07:00  INFO 6004 --- [ProjWEB] [           main] o.apache.catalina.core.StandardService   : Starting service [Tomcat]
2026-04-10T21:22:40.374+07:00  INFO 6004 --- [ProjWEB] [           main] o.apache.catalina.core.StandardEngine    : Starting Servlet engine: [Apache Tomcat/11.0.18]
2026-04-10T21:22:40.458+07:00  INFO 6004 --- [ProjWEB] [           main] b.w.c.s.WebApplicationContextInitializer : Root WebApplicationContext: initialization completed in 2809 ms
2026-04-10T21:22:40.815+07:00  INFO 6004 --- [ProjWEB] [           main] org.hibernate.orm.jpa                    : HHH008540: Processing PersistenceUnitInfo [name: default]
2026-04-10T21:22:40.961+07:00  INFO 6004 --- [ProjWEB] [           main] org.hibernate.orm.core                   : HHH000001: Hibernate ORM core version 7.2.4.Final
2026-04-10T21:22:42.252+07:00  INFO 6004 --- [ProjWEB] [           main] o.s.o.j.p.SpringPersistenceUnitInfo      : No LoadTimeWeaver setup: ignoring JPA class transformer
2026-04-10T21:22:42.326+07:00  INFO 6004 --- [ProjWEB] [           main] com.zaxxer.hikari.HikariDataSource       : HikariPool-1 - Starting...
2026-04-10T21:22:43.066+07:00  INFO 6004 --- [ProjWEB] [           main] com.zaxxer.hikari.pool.HikariPool        : HikariPool-1 - Added connection com.mysql.cj.jdbc.ConnectionImpl@390a07a0
2026-04-10T21:22:43.096+07:00  INFO 6004 --- [ProjWEB] [           main] com.zaxxer.hikari.HikariDataSource       : HikariPool-1 - Start completed.
2026-04-10T21:22:43.201+07:00  WARN 6004 --- [ProjWEB] [           main] org.hibernate.orm.deprecation            : HHH90000025: MySQLDialect does not need to be specified explicitly using 'hibernate.dialect' (remove the property setting and it will be selected by default)
2026-04-10T21:22:43.250+07:00  INFO 6004 --- [ProjWEB] [           main] org.hibernate.orm.connections.pooling    : HHH10001005: Database info:
	Database JDBC URL [jdbc:mysql://localhost:3306/jewelry]
	Database driver: MySQL Connector/J
	Database dialect: MySQLDialect
	Database version: 8.0.40
	Default catalog/schema: jewelry/undefined
	Autocommit mode: undefined/unknown
	Isolation level: REPEATABLE_READ [default REPEATABLE_READ]
	JDBC fetch size: none
	Pool: DataSourceConnectionProvider
	Minimum pool size: undefined/unknown
	Maximum pool size: undefined/unknown
2026-04-10T21:22:45.834+07:00  INFO 6004 --- [ProjWEB] [           main] org.hibernate.orm.core                   : HHH000489: No JTA platform available (set 'hibernate.transaction.jta.platform' to enable JTA platform integration)
Hibernate: alter table roles modify column name enum ('ROLE_ADMIN','ROLE_USER') not null
2026-04-10T21:22:46.042+07:00  INFO 6004 --- [ProjWEB] [           main] j.LocalContainerEntityManagerFactoryBean : Initialized JPA EntityManagerFactory for persistence unit 'default'
2026-04-10T21:22:46.167+07:00  INFO 6004 --- [ProjWEB] [           main] o.s.d.j.r.query.QueryEnhancerFactories   : Hibernate is in classpath; If applicable, HQL parser will be used.
2026-04-10T21:22:47.891+07:00  INFO 6004 --- [ProjWEB] [           main] r$InitializeUserDetailsManagerConfigurer : Global AuthenticationManager configured with UserDetailsService bean with name customUserDetailsService
2026-04-10T21:22:49.010+07:00  INFO 6004 --- [ProjWEB] [           main] .w.s.a.s.AnnotationActionEndpointMapping : Supporting [WS-Addressing August 2004, WS-Addressing 1.0]
2026-04-10T21:22:49.068+07:00  WARN 6004 --- [ProjWEB] [           main] ConfigServletWebServerApplicationContext : Exception encountered during context initialization - cancelling refresh attempt: org.springframework.context.ApplicationContextException: Failed to start bean 'webServerStartStop'
2026-04-10T21:22:49.073+07:00  INFO 6004 --- [ProjWEB] [           main] j.LocalContainerEntityManagerFactoryBean : Closing JPA EntityManagerFactory for persistence unit 'default'
2026-04-10T21:22:49.077+07:00  INFO 6004 --- [ProjWEB] [           main] com.zaxxer.hikari.HikariDataSource       : HikariPool-1 - Shutdown initiated...
2026-04-10T21:22:49.088+07:00  INFO 6004 --- [ProjWEB] [           main] com.zaxxer.hikari.HikariDataSource       : HikariPool-1 - Shutdown completed.
2026-04-10T21:22:49.103+07:00  INFO 6004 --- [ProjWEB] [           main] .s.b.a.l.ConditionEvaluationReportLogger : 

Error starting ApplicationContext. To display the condition evaluation report re-run your application with 'debug' enabled.
2026-04-10T21:22:49.124+07:00 ERROR 6004 --- [ProjWEB] [           main] o.s.b.d.LoggingFailureAnalysisReporter   : 

***************************
APPLICATION FAILED TO START
***************************

Description:

Web server failed to start. Port 8081 was already in use.

Action:

Identify and stop the process that's listening on port 8081 or configure this application to listen on another port.

